// Jest Snapshot v1, https://goo.gl/fbAQLP

exports[`When user click footer button should show all items when click \`active\` button 1`] = `
<button
  disabled={false}
  onClick={[Function]}
  style={
    Object {
      "color": "black",
      "marginLeft": "60px",
    }
  }
/>
`;

exports[`When user click footer button should show all items when click \`all\` button 1`] = `
<button
  disabled={false}
  onClick={[Function]}
  style={
    Object {
      "color": "black",
      "marginLeft": "60px",
    }
  }
/>
`;

exports[`When user click footer button should show all items when click \`completed\` button 1`] = `
<button
  disabled={false}
  onClick={[Function]}
  style={
    Object {
      "color": "black",
      "marginLeft": "60px",
    }
  }
/>
`;

exports[`shallow render FilterLink component render FilterLink 1`] = `
<button
  disabled={false}
  onClick={[Function]}
  style={
    Object {
      "color": "black",
      "marginLeft": "60px",
    }
  }
/>
`;
