// Jest Snapshot v1, https://goo.gl/fbAQLP

exports[`shallow render Todo component render Todo 1`] = `
<li
  className=""
>
  <div
    className="view"
  >
    <input
      className="toggle"
      onClick={[Function]}
      type="checkbox"
    />
    <label>
      test
    </label>
  </div>
</li>
`;
